
[7m[1m[36m RUN [39m[22m[27m [36mv1.6.1[39m [90mC:/Users/shilo/Documents/GitHub/Gred-In-Labs/exports/gics-core/app/src/client[39m

node.exe : 
[2mfilter:  [22m[3
3mtests/gics-smart-ap
pend.test.ts[39m
En línea: 1 
Carácter: 1
+ & "C:\Program Files
\nodejs/node.exe" "C:
\Users\shilo\AppData\
Roaming\ ...
+ ~~~~~~~~~~~~~~~~~~~
~~~~~~~~~~~~~~~~~~~~~
~~~~~~~~~~~~~~~~~~~~~
~~~~~~~~
    + CategoryInfo   
           : NotSpe  
  cified: ([2mfil   
 ter:  [...nd.te    
st.ts[39m:Strin    
g) [], RemoteExc    
eption
    + FullyQualified 
   ErrorId : Native  
  CommandError
 
[2minclude: [22m[3
3m../../tests/server/
**/*.{test,spec}.ts[
39m
[2mexclude:  [22m[
33m**/node_modules/**
[2m, 
[22m**/dist/**[39m
[2mwatch exclude:  
[22m[33m**/node_modu
les/**[2m, 
[22m**/dist/**[39m
[31m
No test files found, 
exiting with code 
1[39m
